// Vitest Snapshot v1, https://vitest.dev/guide/snapshot.html

exports[`결정성 — 전원 동일 채보의 전제 > 고정 seed 스냅샷 — 생성기를 바꾸면 여기서 깨진다(의도된 회귀 감지) 1`] = `
[
  "5698:any:trail:0.5766:0.5810:-",
  "5930:left:trail:-0.7495:0.5849:-",
  "8023:any:trail:-0.6779:-0.1326:-",
  "8023:any:trail:0.0271:0.4140:-",
  "9884:any:swipe:0.6403:0.5450:-",
  "10116:any:trail:-0.3939:-0.5658:-",
  "10581:any:trail:0.4994:0.1370:-",
]
`;
